分类: 📺央视频道, 名称: CCTV-1, 有效: 4, IPv4: 5, IPv6: 0, 最小延迟: 36 ms, 最高速率: 2.55 MiB/s, 平均速率: 1.30 MiB/s, 最高分辨率: 1280x720, 平均帧率: 25.0, 视频编解码器: h264, 音频编解码器: aac
分类: 📺央视频道, 名称: CCTV-2, 有效: 2, IPv4: 5, IPv6: 0, 最小延迟: 33 ms, 最高速率: 0.26 MiB/s, 平均速率: 0.26 MiB/s, 最高分辨率: 1280x720, 平均帧率: 25.0, 视频编解码器: h264, 音频编解码器: aac
分类: 📺央视频道, 名称: CCTV-3, 有效: 3, IPv4: 5, IPv6: 0, 最小延迟: 32 ms, 最高速率: 9.74 MiB/s, 平均速率: 6.45 MiB/s, 最高分辨率: 1920x1080, 平均帧率: 25.0, 视频编解码器: h264, 音频编解码器: aac
分类: 📺央视频道, 名称: CCTV-4, 有效: 3, IPv4: 5, IPv6: 0, 最小延迟: 33 ms, 最高速率: 7.28 MiB/s, 平均速率: 2.57 MiB/s, 最高分辨率: 1920x1080, 平均帧率: 25.0, 视频编解码器: h264, 音频编解码器: aac
分类: 📺央视频道, 名称: CCTV-5, 有效: 3, IPv4: 6, IPv6: 0, 最小延迟: 32 ms, 最高速率: 8.43 MiB/s, 平均速率: 4.18 MiB/s, 最高分辨率: 1920x1080, 平均帧率: 26.67, 视频编解码器: h264, 音频编解码器: aac
分类: 📺央视频道, 名称: CCTV-5+, 有效: 1, IPv4: 5, IPv6: 0, 最小延迟: 48 ms, 最高速率: 5.97 MiB/s, 平均速率: 5.97 MiB/s, 最高分辨率: 1920x1080, 平均帧率: 未知, 视频编解码器: 未知, 音频编解码器: 未知
分类: 📺央视频道, 名称: CCTV-6, 有效: 3, IPv4: 5, IPv6: 0, 最小延迟: 33 ms, 最高速率: 9.11 MiB/s, 平均速率: 3.20 MiB/s, 最高分辨率: 1920x1080, 平均帧率: 未知, 视频编解码器: 未知, 音频编解码器: 未知
分类: 📺央视频道, 名称: CCTV-7, 有效: 4, IPv4: 5, IPv6: 0, 最小延迟: 32 ms, 最高速率: 7.27 MiB/s, 平均速率: 3.76 MiB/s, 最高分辨率: 1920x1080, 平均帧率: 25.0, 视频编解码器: h264, 音频编解码器: aac
分类: 📺央视频道, 名称: CCTV-8, 有效: 4, IPv4: 5, IPv6: 0, 最小延迟: 32 ms, 最高速率: 10.07 MiB/s, 平均速率: 6.00 MiB/s, 最高分辨率: 1920x1080, 平均帧率: 未知, 视频编解码器: 未知, 音频编解码器: 未知
分类: 📺央视频道, 名称: CCTV-9, 有效: 4, IPv4: 5, IPv6: 0, 最小延迟: 33 ms, 最高速率: 9.51 MiB/s, 平均速率: 5.07 MiB/s, 最高分辨率: 1920x1080, 平均帧率: 25.0, 视频编解码器: h264, 音频编解码器: aac
分类: 📺央视频道, 名称: CCTV-10, 有效: 2, IPv4: 5, IPv6: 0, 最小延迟: 34 ms, 最高速率: 11.94 MiB/s, 平均速率: 8.05 MiB/s, 最高分辨率: 1920x1080, 平均帧率: 25.0, 视频编解码器: h264, 音频编解码器: aac
分类: 📺央视频道, 名称: CCTV-11, 有效: 3, IPv4: 5, IPv6: 0, 最小延迟: 32 ms, 最高速率: 15.47 MiB/s, 平均速率: 6.85 MiB/s, 最高分辨率: 1280x720, 平均帧率: 未知, 视频编解码器: 未知, 音频编解码器: 未知
分类: 📺央视频道, 名称: CCTV-12, 有效: 3, IPv4: 5, IPv6: 0, 最小延迟: 32 ms, 最高速率: 18.01 MiB/s, 平均速率: 7.87 MiB/s, 最高分辨率: 1920x1080, 平均帧率: 25.0, 视频编解码器: h264, 音频编解码器: aac
分类: 📺央视频道, 名称: CCTV-13, 有效: 1, IPv4: 5, IPv6: 0, 最小延迟: 47 ms, 最高速率: 7.88 MiB/s, 平均速率: 7.88 MiB/s, 最高分辨率: 1920x1080, 平均帧率: 25.0, 视频编解码器: h264, 音频编解码器: aac
分类: 📺央视频道, 名称: CCTV-14, 有效: 5, IPv4: 5, IPv6: 0, 最小延迟: 33 ms, 最高速率: 11.44 MiB/s, 平均速率: 5.46 MiB/s, 最高分辨率: 1920x1080, 平均帧率: 未知, 视频编解码器: 未知, 音频编解码器: 未知
分类: 📺央视频道, 名称: CCTV-15, 有效: 3, IPv4: 6, IPv6: 0, 最小延迟: 32 ms, 最高速率: 15.68 MiB/s, 平均速率: 9.66 MiB/s, 最高分辨率: 1920x1080, 平均帧率: 未知, 视频编解码器: 未知, 音频编解码器: 未知
分类: 📺央视频道, 名称: CCTV-16, 有效: 2, IPv4: 3, IPv6: 0, 最小延迟: 32 ms, 最高速率: 13.90 MiB/s, 平均速率: 7.16 MiB/s, 最高分辨率: 1280x720, 平均帧率: 未知, 视频编解码器: 未知, 音频编解码器: 未知
分类: 📺央视频道, 名称: CCTV-17, 有效: 5, IPv4: 5, IPv6: 0, 最小延迟: 33 ms, 最高速率: 43.77 MiB/s, 平均速率: 19.45 MiB/s, 最高分辨率: 1920x1080, 平均帧率: 未知, 视频编解码器: 未知, 音频编解码器: 未知
分类: 📺央视频道, 名称: CETV-1, 有效: 3, IPv4: 4, IPv6: 0, 最小延迟: 48 ms, 最高速率: 14.77 MiB/s, 平均速率: 10.22 MiB/s, 最高分辨率: 1920x1080, 平均帧率: 25.0, 视频编解码器: h264, 音频编解码器: aac
分类: 📺央视频道, 名称: CETV-3, 有效: 1, IPv4: 2, IPv6: 0, 最小延迟: 50 ms, 最高速率: 6.48 MiB/s, 平均速率: 6.48 MiB/s, 最高分辨率: 1280x720, 平均帧率: 未知, 视频编解码器: 未知, 音频编解码器: 未知
分类: 📡卫视频道, 名称: 广东卫视, 有效: 4, IPv4: 5, IPv6: 0, 最小延迟: 32 ms, 最高速率: 8.62 MiB/s, 平均速率: 5.83 MiB/s, 最高分辨率: 1920x1080, 平均帧率: 60.0, 视频编解码器: h264, 音频编解码器: aac
分类: 📡卫视频道, 名称: 浙江卫视, 有效: 3, IPv4: 5, IPv6: 0, 最小延迟: 48 ms, 最高速率: 9.42 MiB/s, 平均速率: 8.40 MiB/s, 最高分辨率: 1920x1080, 平均帧率: 25.0, 视频编解码器: h264, 音频编解码器: aac
分类: 📡卫视频道, 名称: 湖南卫视, 有效: 4, IPv4: 5, IPv6: 0, 最小延迟: 9 ms, 最高速率: 63.96 MiB/s, 平均速率: 21.14 MiB/s, 最高分辨率: 3840x2160, 平均帧率: 未知, 视频编解码器: 未知, 音频编解码器: 未知
分类: 📡卫视频道, 名称: 北京卫视, 有效: 3, IPv4: 5, IPv6: 0, 最小延迟: 48 ms, 最高速率: 8.99 MiB/s, 平均速率: 6.04 MiB/s, 最高分辨率: 1920x1080, 平均帧率: 50.0, 视频编解码器: h264, 音频编解码器: ac3
分类: 📡卫视频道, 名称: 湖北卫视, 有效: 2, IPv4: 3, IPv6: 0, 最小延迟: 48 ms, 最高速率: 5.08 MiB/s, 平均速率: 4.95 MiB/s, 最高分辨率: 1280x720, 平均帧率: 未知, 视频编解码器: 未知, 音频编解码器: 未知
分类: 📡卫视频道, 名称: 黑龙江卫视, 有效: 4, IPv4: 5, IPv6: 0, 最小延迟: 32 ms, 最高速率: 6.01 MiB/s, 平均速率: 2.42 MiB/s, 最高分辨率: 1920x1080, 平均帧率: 50.0, 视频编解码器: h264, 音频编解码器: ac3
分类: 📡卫视频道, 名称: 安徽卫视, 有效: 3, IPv4: 5, IPv6: 0, 最小延迟: 32 ms, 最高速率: 9.68 MiB/s, 平均速率: 5.65 MiB/s, 最高分辨率: 1920x1080, 平均帧率: 25.0, 视频编解码器: h264, 音频编解码器: aac
分类: 📡卫视频道, 名称: 东方卫视, 有效: 5, IPv4: 5, IPv6: 0, 最小延迟: 6 ms, 最高速率: 100.46 MiB/s, 平均速率: 28.27 MiB/s, 最高分辨率: 1920x1080, 平均帧率: 30.0, 视频编解码器: h264, 音频编解码器: aac
分类: 📡卫视频道, 名称: 重庆卫视, 有效: 2, IPv4: 2, IPv6: 0, 最小延迟: 33 ms, 最高速率: 12.78 MiB/s, 平均速率: 10.44 MiB/s, 最高分辨率: 1280x720, 平均帧率: 未知, 视频编解码器: 未知, 音频编解码器: 未知
分类: 📡卫视频道, 名称: 甘肃卫视, 有效: 2, IPv4: 3, IPv6: 0, 最小延迟: 49 ms, 最高速率: 9.02 MiB/s, 平均速率: 8.99 MiB/s, 最高分辨率: 1920x1080, 平均帧率: 50.0, 视频编解码器: h264, 音频编解码器: ac3
分类: 📡卫视频道, 名称: 东南卫视, 有效: 3, IPv4: 4, IPv6: 0, 最小延迟: 32 ms, 最高速率: 10.07 MiB/s, 平均速率: 4.57 MiB/s, 最高分辨率: 1920x1080, 平均帧率: 未知, 视频编解码器: 未知, 音频编解码器: 未知
分类: 📡卫视频道, 名称: 广西卫视, 有效: 3, IPv4: 5, IPv6: 0, 最小延迟: 33 ms, 最高速率: 4.81 MiB/s, 平均速率: 1.99 MiB/s, 最高分辨率: 1920x1080, 平均帧率: 25.0, 视频编解码器: h264, 音频编解码器: aac
分类: 📡卫视频道, 名称: 贵州卫视, 有效: 5, IPv4: 5, IPv6: 0, 最小延迟: 48 ms, 最高速率: 26.39 MiB/s, 平均速率: 12.79 MiB/s, 最高分辨率: 1920x1080, 平均帧率: 未知, 视频编解码器: 未知, 音频编解码器: 未知
分类: 📡卫视频道, 名称: 河北卫视, 有效: 2, IPv4: 4, IPv6: 0, 最小延迟: 48 ms, 最高速率: 9.31 MiB/s, 平均速率: 4.92 MiB/s, 最高分辨率: 1920x1080, 平均帧率: 25.0, 视频编解码器: h264, 音频编解码器: aac
分类: 📡卫视频道, 名称: 河南卫视, 有效: 3, IPv4: 5, IPv6: 0, 最小延迟: 49 ms, 最高速率: 9.50 MiB/s, 平均速率: 3.37 MiB/s, 最高分辨率: 1920x1080, 平均帧率: 37.5, 视频编解码器: h264, 音频编解码器: aac
分类: 📡卫视频道, 名称: 海南卫视, 有效: 0, IPv4: 1, IPv6: 0, 最小延迟: 519 ms, 最高速率: 0.31 MiB/s, 平均速率: 0.00 MiB/s, 最高分辨率: 1920x1080, 平均帧率: 未知, 视频编解码器: 未知, 音频编解码器: 未知
分类: 📡卫视频道, 名称: 吉林卫视, 有效: 2, IPv4: 4, IPv6: 0, 最小延迟: 48 ms, 最高速率: 13.98 MiB/s, 平均速率: 7.13 MiB/s, 最高分辨率: 1920x1080, 平均帧率: 25.0, 视频编解码器: h264, 音频编解码器: aac
分类: 📡卫视频道, 名称: 江苏卫视, 有效: 4, IPv4: 5, IPv6: 0, 最小延迟: 32 ms, 最高速率: 10.28 MiB/s, 平均速率: 5.75 MiB/s, 最高分辨率: 1920x1080, 平均帧率: 未知, 视频编解码器: 未知, 音频编解码器: 未知
分类: 📡卫视频道, 名称: 江西卫视, 有效: 4, IPv4: 5, IPv6: 0, 最小延迟: 33 ms, 最高速率: 54.86 MiB/s, 平均速率: 19.32 MiB/s, 最高分辨率: 1920x1080, 平均帧率: 未知, 视频编解码器: 未知, 音频编解码器: 未知
分类: 📡卫视频道, 名称: 辽宁卫视, 有效: 5, IPv4: 5, IPv6: 0, 最小延迟: 33 ms, 最高速率: 13.74 MiB/s, 平均速率: 10.45 MiB/s, 最高分辨率: 1920x1080, 平均帧率: 未知, 视频编解码器: 未知, 音频编解码器: 未知
分类: 📡卫视频道, 名称: 内蒙古卫视, 有效: 5, IPv4: 5, IPv6: 0, 最小延迟: 32 ms, 最高速率: 51.98 MiB/s, 平均速率: 21.11 MiB/s, 最高分辨率: 1920x1080, 平均帧率: 25.0, 视频编解码器: h264, 音频编解码器: aac
分类: 📡卫视频道, 名称: 宁夏卫视, 有效: 4, IPv4: 5, IPv6: 0, 最小延迟: 33 ms, 最高速率: 49.78 MiB/s, 平均速率: 34.82 MiB/s, 最高分辨率: 1920x1080, 平均帧率: 25.0, 视频编解码器: h264, 音频编解码器: aac
分类: 📡卫视频道, 名称: 青海卫视, 有效: 2, IPv4: 3, IPv6: 0, 最小延迟: 52 ms, 最高速率: 7.91 MiB/s, 平均速率: 5.36 MiB/s, 最高分辨率: 1920x1080, 平均帧率: 未知, 视频编解码器: 未知, 音频编解码器: 未知
分类: 📡卫视频道, 名称: 山东卫视, 有效: 3, IPv4: 5, IPv6: 0, 最小延迟: 47 ms, 最高速率: 15.04 MiB/s, 平均速率: 8.23 MiB/s, 最高分辨率: 1920x1080, 平均帧率: 25.0, 视频编解码器: h264, 音频编解码器: aac
分类: 📡卫视频道, 名称: 山西卫视, 有效: 5, IPv4: 5, IPv6: 0, 最小延迟: 32 ms, 最高速率: 55.34 MiB/s, 平均速率: 22.38 MiB/s, 最高分辨率: 1920x1080, 平均帧率: 30.0, 视频编解码器: h264, 音频编解码器: aac
分类: 📡卫视频道, 名称: 陕西卫视, 有效: 4, IPv4: 4, IPv6: 0, 最小延迟: 32 ms, 最高速率: 53.50 MiB/s, 平均速率: 19.24 MiB/s, 最高分辨率: 1920x1080, 平均帧率: 25.0, 视频编解码器: h264, 音频编解码器: aac
分类: 📡卫视频道, 名称: 四川卫视, 有效: 4, IPv4: 5, IPv6: 0, 最小延迟: 32 ms, 最高速率: 49.97 MiB/s, 平均速率: 27.92 MiB/s, 最高分辨率: 1920x1080, 平均帧率: 25.0, 视频编解码器: h264, 音频编解码器: aac
分类: 📡卫视频道, 名称: 深圳卫视, 有效: 4, IPv4: 6, IPv6: 0, 最小延迟: 33 ms, 最高速率: 8.41 MiB/s, 平均速率: 4.56 MiB/s, 最高分辨率: 1920x1080, 平均帧率: 25.0, 视频编解码器: h264, 音频编解码器: aac
分类: 📡卫视频道, 名称: 三沙卫视, 有效: 1, IPv4: 4, IPv6: 0, 最小延迟: 36 ms, 最高速率: 7.30 MiB/s, 平均速率: 7.30 MiB/s, 最高分辨率: 1280x720, 平均帧率: 25.0, 视频编解码器: h264, 音频编解码器: mp2
分类: 📡卫视频道, 名称: 天津卫视, 有效: 2, IPv4: 3, IPv6: 0, 最小延迟: 49 ms, 最高速率: 15.08 MiB/s, 平均速率: 7.69 MiB/s, 最高分辨率: 1920x1080, 平均帧率: 25.0, 视频编解码器: h264, 音频编解码器: aac
分类: 📡卫视频道, 名称: 西藏卫视, 有效: 3, IPv4: 5, IPv6: 0, 最小延迟: 47 ms, 最高速率: 58.62 MiB/s, 平均速率: 27.15 MiB/s, 最高分辨率: 1920x1080, 平均帧率: 未知, 视频编解码器: 未知, 音频编解码器: 未知
分类: 📡卫视频道, 名称: 新疆卫视, 有效: 4, IPv4: 5, IPv6: 0, 最小延迟: 34 ms, 最高速率: 49.76 MiB/s, 平均速率: 18.43 MiB/s, 最高分辨率: 1920x1080, 平均帧率: 25.0, 视频编解码器: h264, 音频编解码器: aac
分类: 📡卫视频道, 名称: 云南卫视, 有效: 3, IPv4: 4, IPv6: 0, 最小延迟: 49 ms, 最高速率: 9.43 MiB/s, 平均速率: 6.37 MiB/s, 最高分辨率: 1920x1080, 平均帧率: 37.5, 视频编解码器: h264, 音频编解码器: aac
分类: 📕广东频道, 名称: 广东珠江, 有效: 2, IPv4: 2, IPv6: 0, 最小延迟: 48 ms, 最高速率: 7.76 MiB/s, 平均速率: 6.44 MiB/s, 最高分辨率: 1920x1080, 平均帧率: 未知, 视频编解码器: 未知, 音频编解码器: 未知
分类: 📕广东频道, 名称: 广东体育, 有效: 0, IPv4: 1, IPv6: 0, 最小延迟: — ms, 最高速率: 0.00 MiB/s, 平均速率: 0.00 MiB/s, 最高分辨率: 1280x720, 平均帧率: 未知, 视频编解码器: 未知, 音频编解码器: 未知
分类: 📕广东频道, 名称: 广东民生, 有效: 1, IPv4: 2, IPv6: 0, 最小延迟: 47 ms, 最高速率: 4.14 MiB/s, 平均速率: 4.14 MiB/s, 最高分辨率: 1280x720, 平均帧率: 未知, 视频编解码器: 未知, 音频编解码器: 未知
分类: 📕广东频道, 名称: 广东新闻, 有效: 1, IPv4: 1, IPv6: 0, 最小延迟: 47 ms, 最高速率: 10.95 MiB/s, 平均速率: 10.95 MiB/s, 最高分辨率: 1280x720, 平均帧率: 未知, 视频编解码器: 未知, 音频编解码器: 未知
分类: 📕广东频道, 名称: 大湾区卫视, 有效: 4, IPv4: 4, IPv6: 0, 最小延迟: 32 ms, 最高速率: 24.62 MiB/s, 平均速率: 12.29 MiB/s, 最高分辨率: 1920x1080, 平均帧率: 25.0, 视频编解码器: h264, 音频编解码器: aac
分类: 📗浙江频道, 名称: 浙江教科影视, 有效: 0, IPv4: 1, IPv6: 0, 最小延迟: 333 ms, 最高速率: 0.24 MiB/s, 平均速率: 0.00 MiB/s, 最高分辨率: 1920x1080, 平均帧率: 未知, 视频编解码器: 未知, 音频编解码器: 未知
分类: 📗浙江频道, 名称: 浙江钱江都市, 有效: 0, IPv4: 1, IPv6: 0, 最小延迟: 420 ms, 最高速率: 0.40 MiB/s, 平均速率: 0.00 MiB/s, 最高分辨率: 1920x1080, 平均帧率: 未知, 视频编解码器: 未知, 音频编解码器: 未知
分类: 📗浙江频道, 名称: 浙江少儿, 有效: 0, IPv4: 2, IPv6: 0, 最小延迟: 1217 ms, 最高速率: 0.19 MiB/s, 平均速率: 0.00 MiB/s, 最高分辨率: 1920x1080, 平均帧率: 未知, 视频编解码器: 未知, 音频编解码器: 未知
分类: 📗浙江频道, 名称: 浙江公共新闻, 有效: 0, IPv4: 2, IPv6: 0, 最小延迟: 313 ms, 最高速率: 0.31 MiB/s, 平均速率: 0.00 MiB/s, 最高分辨率: 1920x1080, 平均帧率: 未知, 视频编解码器: 未知, 音频编解码器: 未知
分类: 📗浙江频道, 名称: 浙江国际, 有效: 0, IPv4: 2, IPv6: 0, 最小延迟: 364 ms, 最高速率: 0.36 MiB/s, 平均速率: 0.00 MiB/s, 最高分辨率: 1920x1080, 平均帧率: 未知, 视频编解码器: 未知, 音频编解码器: 未知
分类: 📗浙江频道, 名称: 浙江经济生活, 有效: 0, IPv4: 2, IPv6: 0, 最小延迟: 457 ms, 最高速率: 0.40 MiB/s, 平均速率: 0.00 MiB/s, 最高分辨率: 1920x1080, 平均帧率: 25.0, 视频编解码器: h264, 音频编解码器: aac
分类: 📗浙江频道, 名称: 浙江数码时代, 有效: 0, IPv4: 2, IPv6: 0, 最小延迟: 1383 ms, 最高速率: 0.04 MiB/s, 平均速率: 0.00 MiB/s, 最高分辨率: 1280x720, 平均帧率: 未知, 视频编解码器: 未知, 音频编解码器: 未知
